
Clover 安装器 r5121 (2607bd4fb) (installer library v1.1.6), 2020-08-26 08:06:55
macOS 版本 10.14.6（版号 18G6020）
SELF = /Applications/Clover.app/Contents/MacOS/CloverDaemonNew
Backup made at:
/Users/zqinking/Desktop/CloverBackUp/Lenovo SSD SL700 120G Media/r5120_2020-08-26_20-06-50/EFI.
Target volume: /Volumes/Untitled
BSD Name:      disk0s1
Filesystem:    FAT32
Is internal:   true
Is writable:   true
Installation type: UEFI

/dev/disk0 (internal, physical):
   #:                       TYPE NAME                    SIZE       IDENTIFIER
   0:      GUID_partition_scheme                        *120.0 GB   disk0
   1:                        EFI                         314.6 MB   disk0s1
   2:                 Apple_APFS Container disk1         119.7 GB   disk0s2

/dev/disk1 (synthesized):
   #:                       TYPE NAME                    SIZE       IDENTIFIER
   0:      APFS Container Scheme -                      +119.7 GB   disk1
                                 Physical Store disk0s2
   1:                APFS Volume MacOS                   61.6 GB    disk1s1
   2:                APFS Volume Preboot                 45.6 MB    disk1s2
   3:                APFS Volume Recovery                510.4 MB   disk1s3
   4:                APFS Volume VM                      2.1 GB     disk1s4




Installing/Updating Clover:
+ ../BOOT/BOOTX64.efi
+ ../CLOVER/CLOVERX64.efi

Installing/Updating drivers:
+ ../UEFI/FSInject.efi
+ ../UEFI/ApfsDriverLoader.efi
+ ../UEFI/AptioMemoryFix.efi
+ ../UEFI/OsxAptioFix3Drv.efi
+ ../UEFI/NvmExpressDxe.efi
+ ../BIOS/FSInject.efi
+ ../BIOS/ApfsDriverLoader.efi
+ ../BIOS/GrubEXFAT.efi

Installing/Updating tools:
+ ../tools/Shell64.efi
+ ../tools/bdmesg.efi
+ ../tools/Shell64U.efi
+ ../tools/Shell32.efi

Installing/Updating docs:
+ ../doc/UEFI boot with Clover.rtf
+ ../doc/boot1f32-install.sh
+ ../doc/HowToInstallOSX.txt
+ ../doc/HowToFixDsdt.txt
+ ../doc/bcfg.txt